error: encountered unknown or unsupported #[skip(..)] specifier
 --> tests/ui/skip/invalid_specifier.rs:5:12
  |
5 |     #[skip(invalid_specifier)]
  |            ^^^^^^^^^^^^^^^^^

error: encountered invalid format for #[skip] field attribute
  --> tests/ui/skip/invalid_specifier.rs:17:7
   |
17 |     #[skip = 1]
   |       ^^^^^^^^
